[debug] [2026-01-19T09:04:16.188Z] ----------------------------------------------------------------------
[debug] [2026-01-19T09:04:16.195Z] Command:       /opt/homebrew/Cellar/node/24.4.1/bin/node /opt/homebrew/bin/firebase deploy --only hosting
[debug] [2026-01-19T09:04:16.195Z] CLI Version:   14.14.0
[debug] [2026-01-19T09:04:16.195Z] Platform:      darwin
[debug] [2026-01-19T09:04:16.195Z] Node Version:  v24.4.1
[debug] [2026-01-19T09:04:16.195Z] Time:          Mon Jan 19 2026 18:04:16 GMT+0900 (Japan Standard Time)
[debug] [2026-01-19T09:04:16.195Z] ----------------------------------------------------------------------
[debug] 
[debug] [2026-01-19T09:04:16.196Z] >>> [apiv2][query] GET https://firebase-public.firebaseio.com/cli.json [none]
[debug] [2026-01-19T09:04:16.370Z] > command requires scopes: ["email","openid","https://www.googleapis.com/auth/cloudplatformprojects.readonly","https://www.googleapis.com/auth/firebase","https://www.googleapis.com/auth/cloud-platform"]
[debug] [2026-01-19T09:04:16.370Z] > authorizing via signed-in user (rochy2moo@gmail.com)
[debug] [2026-01-19T09:04:16.371Z] [iam] checking project necotapufb for permissions ["firebase.projects.get","firebasehosting.sites.update"]
[debug] [2026-01-19T09:04:16.371Z] Checked if tokens are valid: false, expires at: 1768383176063
[debug] [2026-01-19T09:04:16.371Z] Checked if tokens are valid: false, expires at: 1768383176063
[debug] [2026-01-19T09:04:16.371Z] > refreshing access token with scopes: []
[debug] [2026-01-19T09:04:16.372Z] >>> [apiv2][query] POST https://www.googleapis.com/oauth2/v3/token [none]
[debug] [2026-01-19T09:04:16.372Z] >>> [apiv2][body] POST https://www.googleapis.com/oauth2/v3/token [omitted]
[debug] [2026-01-19T09:04:16.725Z] <<< [apiv2][status] POST https://www.googleapis.com/oauth2/v3/token 200
[debug] [2026-01-19T09:04:16.725Z] <<< [apiv2][body] POST https://www.googleapis.com/oauth2/v3/token [omitted]
[debug] [2026-01-19T09:04:16.738Z] >>> [apiv2][query] POST https://cloudresourcemanager.googleapis.com/v1/projects/necotapufb:testIamPermissions [none]
[debug] [2026-01-19T09:04:16.739Z] >>> [apiv2][(partial)header] POST https://cloudresourcemanager.googleapis.com/v1/projects/necotapufb:testIamPermissions x-goog-quota-user=projects/necotapufb
[debug] [2026-01-19T09:04:16.739Z] >>> [apiv2][body] POST https://cloudresourcemanager.googleapis.com/v1/projects/necotapufb:testIamPermissions {"permissions":["firebase.projects.get","firebasehosting.sites.update"]}
[debug] [2026-01-19T09:04:16.905Z] <<< [apiv2][status] GET https://firebase-public.firebaseio.com/cli.json 200
[debug] [2026-01-19T09:04:16.906Z] <<< [apiv2][body] GET https://firebase-public.firebaseio.com/cli.json {"cloudBuildErrorAfter":1594252800000,"cloudBuildWarnAfter":1590019200000,"defaultNode10After":1594252800000,"minVersion":"3.0.5","node8DeploysDisabledAfter":1613390400000,"node8RuntimeDisabledAfter":1615809600000,"node8WarnAfter":1600128000000}
[debug] [2026-01-19T09:04:17.620Z] <<< [apiv2][status] POST https://cloudresourcemanager.googleapis.com/v1/projects/necotapufb:testIamPermissions 200
[debug] [2026-01-19T09:04:17.620Z] <<< [apiv2][body] POST https://cloudresourcemanager.googleapis.com/v1/projects/necotapufb:testIamPermissions {"permissions":["firebase.projects.get","firebasehosting.sites.update"]}
[debug] [2026-01-19T09:04:17.620Z] Checked if tokens are valid: true, expires at: 1768817055725
[debug] [2026-01-19T09:04:17.620Z] Checked if tokens are valid: true, expires at: 1768817055725
[debug] [2026-01-19T09:04:17.621Z] >>> [apiv2][query] GET https://firebase.googleapis.com/v1beta1/projects/necotapufb [none]
[debug] [2026-01-19T09:04:18.215Z] <<< [apiv2][status] GET https://firebase.googleapis.com/v1beta1/projects/necotapufb 200
[debug] [2026-01-19T09:04:18.215Z] <<< [apiv2][body] GET https://firebase.googleapis.com/v1beta1/projects/necotapufb {"projectId":"necotapufb","projectNumber":"794942101336","displayName":"necotapuFB","name":"projects/necotapufb","resources":{"hostingSite":"necotapufb","realtimeDatabaseInstance":"necotapufb-default-rtdb"},"state":"ACTIVE","etag":"1_07802886-2a2b-49f0-8a3f-c1117fb8e80c"}
[info] 
[info] === Deploying to 'necotapufb'...
[info] 
[info] i  deploying hosting 
[debug] [2026-01-19T09:04:18.216Z] Checked if tokens are valid: true, expires at: 1768817055725
[debug] [2026-01-19T09:04:18.216Z] Checked if tokens are valid: true, expires at: 1768817055725
[debug] [2026-01-19T09:04:18.216Z] >>> [apiv2][query] POST https://firebasehosting.googleapis.com/v1beta1/projects/-/sites/necotapufb/versions [none]
[debug] [2026-01-19T09:04:18.216Z] >>> [apiv2][body] POST https://firebasehosting.googleapis.com/v1beta1/projects/-/sites/necotapufb/versions {"status":"CREATED","labels":{"deployment-tool":"cli-firebase"}}
[debug] [2026-01-19T09:04:19.811Z] <<< [apiv2][status] POST https://firebasehosting.googleapis.com/v1beta1/projects/-/sites/necotapufb/versions 200
[debug] [2026-01-19T09:04:19.811Z] <<< [apiv2][body] POST https://firebasehosting.googleapis.com/v1beta1/projects/-/sites/necotapufb/versions {"name":"projects/794942101336/sites/necotapufb/versions/3f5ff509cbce082f","status":"CREATED","config":{},"labels":{"deployment-tool":"cli-firebase"}}
[info] i  hosting[necotapufb]: beginning deploy... 
[info] i  hosting[necotapufb]: found 17 files in WebGL 
[debug] [2026-01-19T09:04:19.827Z] [hosting] uploading with 200 concurrency
[debug] [2026-01-19T09:04:21.317Z] Checked if tokens are valid: true, expires at: 1768817055725
[debug] [2026-01-19T09:04:21.318Z] Checked if tokens are valid: true, expires at: 1768817055725
[debug] [2026-01-19T09:04:21.319Z] [hosting] hash cache [V2ViR0w] stored for 17 files
[debug] [2026-01-19T09:04:21.319Z] [hosting][hash queue][FINAL] {"max":1487,"min":0,"avg":96.6470588235294,"active":0,"complete":17,"success":17,"errored":0,"retried":0,"total":17,"elapsed":1490}
[debug] [2026-01-19T09:04:21.320Z] >>> [apiv2][query] POST https://firebasehosting.googleapis.com/v1beta1/projects/794942101336/sites/necotapufb/versions/3f5ff509cbce082f:populateFiles [none]
[debug] [2026-01-19T09:04:21.320Z] >>> [apiv2][body] POST https://firebasehosting.googleapis.com/v1beta1/projects/794942101336/sites/necotapufb/versions/3f5ff509cbce082f:populateFiles {"files":{"/webgl-logo.png":"592e48eb55d49dc79c6ec7cc02d3ad7e925b4390b08692aeff1f665be5304d95","/unity-logo-light.png":"826bed457b16537edf9d621d0e8b50abd83705320a178070dac93745609a4947","/unity-logo-dark.png":"4218ca96a9723c4ff6300f347d75a03b52f9cce79c50e5f58b4ed06810f17bdc","/style.css":"e096dc6ae08a2cfe264f0eaae81d9a2f5be02fbea998a86c4545badaac2b512a","/progress-bar-full-light.png":"f00f9a2f2b726c1245eba22675ee1cf4ef72d6e3985b4d3557ec62ac121fb898","/progress-bar-full-dark.png":"70ed60f354a9e5a87add916790259fab73360c31118f20ad15d21b33daec891b","/progress-bar-empty-light.png":"a29d74bc70eb2b34316bdeeabb07a7f388da3f17e84a9c00bace1a0c148638fc","/progress-bar-empty-dark.png":"bfc028858f13535caf8f1cb35c7b32267ba60ba2c1d15de0cf93a405b7382735","/necotapu.ico":"d8444af5df989f06718f84a7535409340539998bbbf37c486fdd28166c1b1ab3","/link.xml":"36a9987ffb1d62b6fc6e5ca0916c74afb104fb76689c7c57467f89e42633aefa","/fullscreen-button.png":"881a75b8489fb7a1179e0960b19130a3461abac32769c987ad2650708a796bce","/favicon.ico":"00e42d22d6827755abe3ea365a74c594ab7fcbbd6168346f663b91bc1b2b0bf3","/Build/WebGL.loader.js":"d09b15b09f8831bd582717b1d732813fce9def143f083dc3e3031ecac37024f1","/Build/WebGL.framework.js.unityweb":"589f5d258c5e13b72648806f0dbdffd6de7bde7a6a087e67c3aef55737f66469","/index.html":"ce37d77c25a98ee6805ffd5eb402f8912ba0ae9e332ddb9d8f935df1080e9272","/Build/WebGL.wasm.unityweb":"952a98214d08feb294790eceb8064386ab044b5cf2722d71a997c14cf0404f0f","/Build/WebGL.data.unityweb":"95802f01191755b19270aec2af11b93e83834121c3b1d79392cddd1d78f84555"}}
[debug] [2026-01-19T09:04:21.629Z] <<< [apiv2][status] POST https://firebasehosting.googleapis.com/v1beta1/projects/794942101336/sites/necotapufb/versions/3f5ff509cbce082f:populateFiles 200
[debug] [2026-01-19T09:04:21.629Z] <<< [apiv2][body] POST https://firebasehosting.googleapis.com/v1beta1/projects/794942101336/sites/necotapufb/versions/3f5ff509cbce082f:populateFiles {"uploadRequiredHashes":["589f5d258c5e13b72648806f0dbdffd6de7bde7a6a087e67c3aef55737f66469","ce37d77c25a98ee6805ffd5eb402f8912ba0ae9e332ddb9d8f935df1080e9272","95802f01191755b19270aec2af11b93e83834121c3b1d79392cddd1d78f84555","952a98214d08feb294790eceb8064386ab044b5cf2722d71a997c14cf0404f0f"],"uploadUrl":"https://upload-firebasehosting.googleapis.com/upload/sites/necotapufb/versions/3f5ff509cbce082f/files"}
[debug] [2026-01-19T09:04:21.631Z] Checked if tokens are valid: true, expires at: 1768817055725
[debug] [2026-01-19T09:04:21.631Z] Checked if tokens are valid: true, expires at: 1768817055725
[debug] [2026-01-19T09:04:21.631Z] Checked if tokens are valid: true, expires at: 1768817055725
[debug] [2026-01-19T09:04:21.631Z] Checked if tokens are valid: true, expires at: 1768817055725
[debug] [2026-01-19T09:04:21.631Z] Checked if tokens are valid: true, expires at: 1768817055725
[debug] [2026-01-19T09:04:21.631Z] Checked if tokens are valid: true, expires at: 1768817055725
[debug] [2026-01-19T09:04:21.631Z] Checked if tokens are valid: true, expires at: 1768817055725
[debug] [2026-01-19T09:04:21.631Z] Checked if tokens are valid: true, expires at: 1768817055725
[debug] [2026-01-19T09:04:21.631Z] >>> [apiv2][query] POST https://upload-firebasehosting.googleapis.com/upload/sites/necotapufb/versions/3f5ff509cbce082f/files/589f5d258c5e13b72648806f0dbdffd6de7bde7a6a087e67c3aef55737f66469 [none]
[debug] [2026-01-19T09:04:21.631Z] >>> [apiv2][body] POST https://upload-firebasehosting.googleapis.com/upload/sites/necotapufb/versions/3f5ff509cbce082f/files/589f5d258c5e13b72648806f0dbdffd6de7bde7a6a087e67c3aef55737f66469 [stream]
[debug] [2026-01-19T09:04:21.637Z] >>> [apiv2][query] POST https://upload-firebasehosting.googleapis.com/upload/sites/necotapufb/versions/3f5ff509cbce082f/files/ce37d77c25a98ee6805ffd5eb402f8912ba0ae9e332ddb9d8f935df1080e9272 [none]
[debug] [2026-01-19T09:04:21.637Z] >>> [apiv2][body] POST https://upload-firebasehosting.googleapis.com/upload/sites/necotapufb/versions/3f5ff509cbce082f/files/ce37d77c25a98ee6805ffd5eb402f8912ba0ae9e332ddb9d8f935df1080e9272 [stream]
[debug] [2026-01-19T09:04:21.638Z] >>> [apiv2][query] POST https://upload-firebasehosting.googleapis.com/upload/sites/necotapufb/versions/3f5ff509cbce082f/files/95802f01191755b19270aec2af11b93e83834121c3b1d79392cddd1d78f84555 [none]
[debug] [2026-01-19T09:04:21.639Z] >>> [apiv2][body] POST https://upload-firebasehosting.googleapis.com/upload/sites/necotapufb/versions/3f5ff509cbce082f/files/95802f01191755b19270aec2af11b93e83834121c3b1d79392cddd1d78f84555 [stream]
[debug] [2026-01-19T09:04:21.640Z] >>> [apiv2][query] POST https://upload-firebasehosting.googleapis.com/upload/sites/necotapufb/versions/3f5ff509cbce082f/files/952a98214d08feb294790eceb8064386ab044b5cf2722d71a997c14cf0404f0f [none]
[debug] [2026-01-19T09:04:21.640Z] >>> [apiv2][body] POST https://upload-firebasehosting.googleapis.com/upload/sites/necotapufb/versions/3f5ff509cbce082f/files/952a98214d08feb294790eceb8064386ab044b5cf2722d71a997c14cf0404f0f [stream]
[debug] [2026-01-19T09:04:21.641Z] [hosting][populate queue][FINAL] {"max":314,"min":314,"avg":314,"active":0,"complete":1,"success":1,"errored":0,"retried":0,"total":1,"elapsed":324}
[debug] [2026-01-19T09:04:21.641Z] [hosting] uploads queued: 4
[debug] [2026-01-19T09:04:22.826Z] <<< [apiv2][status] POST https://upload-firebasehosting.googleapis.com/upload/sites/necotapufb/versions/3f5ff509cbce082f/files/ce37d77c25a98ee6805ffd5eb402f8912ba0ae9e332ddb9d8f935df1080e9272 200
[debug] [2026-01-19T09:04:22.826Z] <<< [apiv2][body] POST https://upload-firebasehosting.googleapis.com/upload/sites/necotapufb/versions/3f5ff509cbce082f/files/ce37d77c25a98ee6805ffd5eb402f8912ba0ae9e332ddb9d8f935df1080e9272 [stream]
[debug] [2026-01-19T09:04:22.983Z] <<< [apiv2][status] POST https://upload-firebasehosting.googleapis.com/upload/sites/necotapufb/versions/3f5ff509cbce082f/files/589f5d258c5e13b72648806f0dbdffd6de7bde7a6a087e67c3aef55737f66469 200
[debug] [2026-01-19T09:04:22.983Z] <<< [apiv2][body] POST https://upload-firebasehosting.googleapis.com/upload/sites/necotapufb/versions/3f5ff509cbce082f/files/589f5d258c5e13b72648806f0dbdffd6de7bde7a6a087e67c3aef55737f66469 [stream]
[debug] [2026-01-19T09:04:33.839Z] <<< [apiv2][status] POST https://upload-firebasehosting.googleapis.com/upload/sites/necotapufb/versions/3f5ff509cbce082f/files/952a98214d08feb294790eceb8064386ab044b5cf2722d71a997c14cf0404f0f 200
[debug] [2026-01-19T09:04:33.839Z] <<< [apiv2][body] POST https://upload-firebasehosting.googleapis.com/upload/sites/necotapufb/versions/3f5ff509cbce082f/files/952a98214d08feb294790eceb8064386ab044b5cf2722d71a997c14cf0404f0f [stream]
